11 6 3 
9 5 10 
2 8 12
Actual solution size does not equal to original puzzle
