7[90] 8[90] 6 4[270] 
2 9 5 1[270] 
11[270] 12[90] 10[90] 3[90] 
