2018-04-08 10:27:06.564 : Id number not valid should be more then 0 and less then NumElements.
2018-04-08 10:27:06.564 :  List of integers defferent from 5 .
2018-04-08 10:27:06.564 : missing puzzle elements with the following IDs:4 actual : 3
