2018-04-08 10:27:06.626 : missing puzzle elements with the following IDs:4 actual : 2
